// Jest Snapshot v1, https://goo.gl/fbAQLP

exports[`SelectButton Snapshot 1`] = `
{
  "asFragment": [Function],
  "baseElement": <body>
    <div>
      <div
        class="select-button"
        data-testid="select-button"
      >
        <span
          class="
                select-button__title 
                select-button__title-button"
        >
          Все жанры
        </span>
        <span
          class="arrow "
          data-testid="arrow"
        >
          <svg
            class="arrow   "
            fill="none"
            height="22"
            viewBox="0 0 25 24"
            width="22"
            xmlns="http://www.w3.org/2000/svg"
          >
            <path
              d="M18.5 9L12.5 15L6.5 9"
              stroke="#fff"
              stroke-width="2"
            />
          </svg>
        </span>
      </div>
    </div>
  </body>,
  "container": <div>
    <div
      class="select-button"
      data-testid="select-button"
    >
      <span
        class="
                select-button__title 
                select-button__title-button"
      >
        Все жанры
      </span>
      <span
        class="arrow "
        data-testid="arrow"
      >
        <svg
          class="arrow   "
          fill="none"
          height="22"
          viewBox="0 0 25 24"
          width="22"
          xmlns="http://www.w3.org/2000/svg"
        >
          <path
            d="M18.5 9L12.5 15L6.5 9"
            stroke="#fff"
            stroke-width="2"
          />
        </svg>
      </span>
    </div>
  </div>,
  "debug": [Function],
  "findAllByAltText": [Function],
  "findAllByDisplayValue": [Function],
  "findAllByLabelText": [Function],
  "findAllByPlaceholderText": [Function],
  "findAllByRole": [Function],
  "findAllByTestId": [Function],
  "findAllByText": [Function],
  "findAllByTitle": [Function],
  "findByAltText": [Function],
  "findByDisplayValue": [Function],
  "findByLabelText": [Function],
  "findByPlaceholderText": [Function],
  "findByRole": [Function],
  "findByTestId": [Function],
  "findByText": [Function],
  "findByTitle": [Function],
  "getAllByAltText": [Function],
  "getAllByDisplayValue": [Function],
  "getAllByLabelText": [Function],
  "getAllByPlaceholderText": [Function],
  "getAllByRole": [Function],
  "getAllByTestId": [Function],
  "getAllByText": [Function],
  "getAllByTitle": [Function],
  "getByAltText": [Function],
  "getByDisplayValue": [Function],
  "getByLabelText": [Function],
  "getByPlaceholderText": [Function],
  "getByRole": [Function],
  "getByTestId": [Function],
  "getByText": [Function],
  "getByTitle": [Function],
  "queryAllByAltText": [Function],
  "queryAllByDisplayValue": [Function],
  "queryAllByLabelText": [Function],
  "queryAllByPlaceholderText": [Function],
  "queryAllByRole": [Function],
  "queryAllByTestId": [Function],
  "queryAllByText": [Function],
  "queryAllByTitle": [Function],
  "queryByAltText": [Function],
  "queryByDisplayValue": [Function],
  "queryByLabelText": [Function],
  "queryByPlaceholderText": [Function],
  "queryByRole": [Function],
  "queryByTestId": [Function],
  "queryByText": [Function],
  "queryByTitle": [Function],
  "rerender": [Function],
  "unmount": [Function],
}
`;
